// Jest Snapshot v1, https://goo.gl/fbAQLP

exports[`Comment no hash 1`] = `
<div>
  <div
    class="ant-comment"
  >
    <div
      class="ant-comment-inner"
    >
      <div
        class="ant-comment-content"
      >
        <div
          class="ant-comment-content-detail"
        />
      </div>
    </div>
  </div>
</div>
`;
